// Jest Snapshot v1, https://goo.gl/fbAQLP

exports[`testing nextBlock smoke tests the component 1`] = `
ShallowWrapper {
  Symbol(enzyme.__root__): [Circular],
  Symbol(enzyme.__unrendered__): <Unknown
    options={
      Object {
        "test": "truetest",
      }
    }
    socket={
      Object {
        "emit": [Function],
      }
    }
  />,
  Symbol(enzyme.__renderer__): Object {
    "batchedUpdates": [Function],
    "checkPropTypes": [Function],
    "getNode": [Function],
    "render": [Function],
    "simulateError": [Function],
    "simulateEvent": [Function],
    "unmount": [Function],
  },
  Symbol(enzyme.__node__): Object {
    "instance": null,
    "key": undefined,
    "nodeType": "function",
    "props": Object {
      "children": "start",
      "onClick": [Function],
    },
    "ref": null,
    "rendered": "start",
    "type": Object {
      "$$typeof": Symbol(react.forward_ref),
      "attrs": Array [],
      "componentStyle": ComponentStyle {
        "componentId": "sc-bdVaJa",
        "isStatic": true,
        "rules": Array [
          "
  position: absolute;
  top: 50%;
  left: 50%;
  margin-top: -40px;
  margin-left: -50px;
  text-align: center;
  color: #fff;
  background-color: #000;
  border: 1px solid #fff;
  height: 40px;
  line-height: 40px;
  width: 100px;
  cursor: pointer;
  :hover {
    border: 1px solid red;
    text-shadow: 1px 1px 1px red;
  }
",
        ],
      },
      "displayName": "styled.h3",
      "foldedComponentIds": Array [],
      "render": [Function],
      "styledComponentId": "sc-bdVaJa",
      "target": "h3",
      "toString": [Function],
      "warnTooManyClasses": [Function],
      "withComponent": [Function],
    },
  },
  Symbol(enzyme.__nodes__): Array [
    Object {
      "instance": null,
      "key": undefined,
      "nodeType": "function",
      "props": Object {
        "children": "start",
        "onClick": [Function],
      },
      "ref": null,
      "rendered": "start",
      "type": Object {
        "$$typeof": Symbol(react.forward_ref),
        "attrs": Array [],
        "componentStyle": ComponentStyle {
          "componentId": "sc-bdVaJa",
          "isStatic": true,
          "rules": Array [
            "
  position: absolute;
  top: 50%;
  left: 50%;
  margin-top: -40px;
  margin-left: -50px;
  text-align: center;
  color: #fff;
  background-color: #000;
  border: 1px solid #fff;
  height: 40px;
  line-height: 40px;
  width: 100px;
  cursor: pointer;
  :hover {
    border: 1px solid red;
    text-shadow: 1px 1px 1px red;
  }
",
          ],
        },
        "displayName": "styled.h3",
        "foldedComponentIds": Array [],
        "render": [Function],
        "styledComponentId": "sc-bdVaJa",
        "target": "h3",
        "toString": [Function],
        "warnTooManyClasses": [Function],
        "withComponent": [Function],
      },
    },
  ],
  Symbol(enzyme.__options__): Object {
    "adapter": ReactSixteenAdapter {
      "options": Object {
        "enableComponentDidUpdateOnSetState": true,
        "legacyContextMode": "parent",
        "lifecycles": Object {
          "componentDidUpdate": Object {
            "onSetState": true,
          },
          "getChildContext": Object {
            "calledByRenderer": false,
          },
          "getDerivedStateFromProps": true,
          "getSnapshotBeforeUpdate": true,
          "setState": Object {
            "skipsComponentDidUpdateOnNullish": true,
          },
        },
      },
    },
  },
}
`;
